Executing (default): DROP TABLE IF EXISTS `secrets`;
Executing (default): DROP TABLE IF EXISTS `posts`;
Executing (default): DROP TABLE IF EXISTS `users`;
Executing (default): DROP TABLE IF EXISTS `users`;
Executing (default): CREATE TABLE IF NOT EXISTS `users` (`id` INTEGER PRIMARY KEY AUTOINCREMENT, `username` VARCHAR(255), `password` VARCHAR(255), `createdAt` DATETIME NOT NULL, `updatedAt` DATETIME NOT NULL);
Executing (default): PRAGMA INDEX_LIST(`users`)
Executing (default): DROP TABLE IF EXISTS `posts`;
Executing (default): CREATE TABLE IF NOT EXISTS `posts` (`id` INTEGER PRIMARY KEY AUTOINCREMENT, `title` VARCHAR(255), `author` VARCHAR(255) DEFAULT '익명', `content` TEXT, `password` VARCHAR(255), `isSecret` TINYINT(1) DEFAULT 0, `views` INTEGER DEFAULT 0, `createdAt` DATETIME NOT NULL, `updatedAt` DATETIME NOT NULL);
Executing (default): PRAGMA INDEX_LIST(`posts`)
Executing (default): DROP TABLE IF EXISTS `secrets`;
Executing (default): CREATE TABLE IF NOT EXISTS `secrets` (`id` INTEGER PRIMARY KEY AUTOINCREMENT, `label` VARCHAR(255), `value` VARCHAR(255), `createdAt` DATETIME NOT NULL, `updatedAt` DATETIME NOT NULL);
Executing (default): PRAGMA INDEX_LIST(`secrets`)
Executing (default): INSERT INTO `users` (`id`,`username`,`password`,`createdAt`,`updatedAt`) VALUES (NULL,'tae-hyun','mypassword1','2026-09-07 08:56:55.767 +00:00','2026-09-07 08:56:55.767 +00:00'),(NULL,'visitor1','1234','2026-09-07 08:56:55.767 +00:00','2026-09-07 08:56:55.767 +00:00');
Executing (default): INSERT INTO `posts` (`id`,`title`,`author`,`content`,`password`,`isSecret`,`views`,`createdAt`,`updatedAt`) VALUES (NULL,'Sequelize 과제 시작합니다','tae-hyun','오늘부터 CVE-2023-25813 분석 시작','qwer1234',0,3,'2026-09-07 08:56:55.771 +00:00','2026-09-07 08:56:55.771 +00:00'),(NULL,'게시판 기능 정리','tae-hyun','로그인/비밀글/삭제까지 board 기능 참고해서 구현 예정','qwer1234',0,5,'2026-09-07 08:56:55.771 +00:00','2026-09-07 08:56:55.771 +00:00'),(NULL,'질문있습니다','visitor1','replacements 옵션 어디서 쓰이나요?','1234',0,1,'2026-09-07 08:56:55.771 +00:00','2026-09-07 08:56:55.771 +00:00'),(NULL,'개인 메모','tae-hyun','이건 비밀번호를 알아야만 보이는 내용입니다','secretpw1',1,0,'2026-09-07 08:56:55.771 +00:00','2026-09-07 08:56:55.771 +00:00');
Executing (default): INSERT INTO `secrets` (`id`,`label`,`value`,`createdAt`,`updatedAt`) VALUES (NULL,'admin_password_hash','9f86d081884c7d659a2feaa0c55ad015a3bf4f1b2b0b822cd15d6c15b0f00a08','2026-09-07 08:56:55.772 +00:00','2026-09-07 08:56:55.772 +00:00');
Executing (default): SELECT `id`, `title`, `author`, `content`, `password`, `isSecret`, `views`, `createdAt`, `updatedAt` FROM `posts` AS `Post` ORDER BY `Post`.`id` DESC;
Executing (default): SELECT `id`, `title`, `author`, `content`, `password`, `isSecret`, `views`, `createdAt`, `updatedAt` FROM `posts` AS `Post` WHERE `Post`.`id` = '2';
Executing (default): SELECT `id`, `title`, `author`, `content`, `password`, `isSecret`, `views`, `createdAt`, `updatedAt` FROM `posts` AS `Post` ORDER BY `Post`.`id` DESC;
Executing (default): SELECT `id`, `title`, `author`, `content`, `password`, `isSecret`, `views`, `createdAt`, `updatedAt` FROM `posts` AS `Post` WHERE `Post`.`id` = '1';
Executing (default): SELECT `id`, `title`, `author`, `content`, `password`, `isSecret`, `views`, `createdAt`, `updatedAt` FROM `posts` AS `Post` ORDER BY `Post`.`id` DESC;
Executing (default): SELECT `id`, `title`, `author`, `content`, `password`, `isSecret`, `views`, `createdAt`, `updatedAt` FROM `posts` AS `Post` WHERE `Post`.`id` = '4';
Executing (default): SELECT `id`, `title`, `author`, `content`, `password`, `isSecret`, `views`, `createdAt`, `updatedAt` FROM `posts` AS `Post` WHERE (title = '개인 메모' AND `Post`.`password` = '1234');
Executing (default): SELECT `id`, `title`, `author`, `content`, `password`, `isSecret`, `views`, `createdAt`, `updatedAt` FROM `posts` AS `Post` ORDER BY `Post`.`id` DESC;
Executing (default): SELECT `id`, `title`, `author`, `content`, `password`, `isSecret`, `views`, `createdAt`, `updatedAt` FROM `posts` AS `Post` ORDER BY `Post`.`id` DESC;
Executing (default): SELECT `id`, `title`, `author`, `content`, `password`, `isSecret`, `views`, `createdAt`, `updatedAt` FROM `posts` AS `Post` ORDER BY `Post`.`id` DESC;
Executing (default): SELECT `id`, `title`, `author`, `content`, `password`, `isSecret`, `views`, `createdAt`, `updatedAt` FROM `posts` AS `Post` WHERE `Post`.`id` = '1';
Executing (default): SELECT `id`, `title`, `author`, `content`, `password`, `isSecret`, `views`, `createdAt`, `updatedAt` FROM `posts` AS `Post` WHERE (title = 'Sequelize 과제 시작합니다' AND `Post`.`password` = 'qwer1234');
Executing (default): DELETE FROM `posts` WHERE `id` = 1
Executing (default): SELECT `id`, `title`, `author`, `content`, `password`, `isSecret`, `views`, `createdAt`, `updatedAt` FROM `posts` AS `Post` ORDER BY `Post`.`id` DESC;
Executing (default): SELECT `id`, `title`, `author`, `content`, `password`, `isSecret`, `views`, `createdAt`, `updatedAt` FROM `posts` AS `Post` WHERE `Post`.`id` = '2';
Executing (default): SELECT `id`, `title`, `author`, `content`, `password`, `isSecret`, `views`, `createdAt`, `updatedAt` FROM `posts` AS `Post` WHERE (title = '게시판 기능 정리' AND `Post`.`password` = 'qwer1234');
Executing (default): DELETE FROM `posts` WHERE `id` = 2
Executing (default): SELECT `id`, `title`, `author`, `content`, `password`, `isSecret`, `views`, `createdAt`, `updatedAt` FROM `posts` AS `Post` ORDER BY `Post`.`id` DESC;
Executing (default): SELECT `id`, `title`, `author`, `content`, `password`, `isSecret`, `views`, `createdAt`, `updatedAt` FROM `posts` AS `Post` WHERE `Post`.`id` = '3';
Executing (default): SELECT `id`, `title`, `author`, `content`, `password`, `isSecret`, `views`, `createdAt`, `updatedAt` FROM `posts` AS `Post` WHERE (title = '질문있습니다' AND `Post`.`password` = 'qwer1234');
Executing (default): SELECT `id`, `title`, `author`, `content`, `password`, `isSecret`, `views`, `createdAt`, `updatedAt` FROM `posts` AS `Post` WHERE (title = '질문있습니다' AND `Post`.`password` = 'qwer1234');
Executing (default): SELECT `id`, `title`, `author`, `content`, `password`, `isSecret`, `views`, `createdAt`, `updatedAt` FROM `posts` AS `Post` WHERE (title = '질문있습니다' AND `Post`.`password` = 'qwer1234');
Executing (default): SELECT `id`, `title`, `author`, `content`, `password`, `isSecret`, `views`, `createdAt`, `updatedAt` FROM `posts` AS `Post` WHERE (title = '질문있습니다' AND `Post`.`password` = 'qwer1234');
Executing (default): SELECT `id`, `title`, `author`, `content`, `password`, `isSecret`, `views`, `createdAt`, `updatedAt` FROM `posts` AS `Post` WHERE (title = '질문있습니다' AND `Post`.`password` = 'qwer1234');
Executing (default): SELECT `id`, `title`, `author`, `content`, `password`, `isSecret`, `views`, `createdAt`, `updatedAt` FROM `posts` AS `Post` ORDER BY `Post`.`id` DESC;
Executing (default): SELECT `id`, `title`, `author`, `content`, `password`, `isSecret`, `views`, `createdAt`, `updatedAt` FROM `posts` AS `Post` WHERE `Post`.`id` = '4';
Executing (default): SELECT `id`, `title`, `author`, `content`, `password`, `isSecret`, `views`, `createdAt`, `updatedAt` FROM `posts` AS `Post` WHERE (title = '개인 메모' AND `Post`.`password` = 'secretpw1');
Executing (default): DELETE FROM `posts` WHERE `id` = 4
Executing (default): SELECT `id`, `title`, `author`, `content`, `password`, `isSecret`, `views`, `createdAt`, `updatedAt` FROM `posts` AS `Post` ORDER BY `Post`.`id` DESC;
Executing (default): SELECT `id`, `title`, `author`, `content`, `password`, `isSecret`, `views`, `createdAt`, `updatedAt` FROM `posts` AS `Post` WHERE `Post`.`id` = '3';
Executing (default): SELECT `id`, `title`, `author`, `content`, `password`, `isSecret`, `views`, `createdAt`, `updatedAt` FROM `posts` AS `Post` WHERE (title = '질문있습니다' AND `Post`.`password` = '1234');
Executing (default): DELETE FROM `posts` WHERE `id` = 3
Executing (default): SELECT `id`, `title`, `author`, `content`, `password`, `isSecret`, `views`, `createdAt`, `updatedAt` FROM `posts` AS `Post` ORDER BY `Post`.`id` DESC;
Executing (default): DROP TABLE IF EXISTS `secrets`;
Executing (default): DROP TABLE IF EXISTS `posts`;
Executing (default): DROP TABLE IF EXISTS `users`;
Executing (default): DROP TABLE IF EXISTS `users`;
Executing (default): CREATE TABLE IF NOT EXISTS `users` (`id` INTEGER PRIMARY KEY AUTOINCREMENT, `username` VARCHAR(255), `password` VARCHAR(255), `createdAt` DATETIME NOT NULL, `updatedAt` DATETIME NOT NULL);
Executing (default): PRAGMA INDEX_LIST(`users`)
Executing (default): DROP TABLE IF EXISTS `posts`;
Executing (default): CREATE TABLE IF NOT EXISTS `posts` (`id` INTEGER PRIMARY KEY AUTOINCREMENT, `title` VARCHAR(255), `author` VARCHAR(255) DEFAULT '익명', `content` TEXT, `password` VARCHAR(255), `isSecret` TINYINT(1) DEFAULT 0, `views` INTEGER DEFAULT 0, `createdAt` DATETIME NOT NULL, `updatedAt` DATETIME NOT NULL);
Executing (default): PRAGMA INDEX_LIST(`posts`)
Executing (default): DROP TABLE IF EXISTS `secrets`;
Executing (default): CREATE TABLE IF NOT EXISTS `secrets` (`id` INTEGER PRIMARY KEY AUTOINCREMENT, `label` VARCHAR(255), `value` VARCHAR(255), `createdAt` DATETIME NOT NULL, `updatedAt` DATETIME NOT NULL);
Executing (default): PRAGMA INDEX_LIST(`secrets`)
Executing (default): INSERT INTO `users` (`id`,`username`,`password`,`createdAt`,`updatedAt`) VALUES (NULL,'tae-hyun','mypassword1','2026-09-07 09:09:13.884 +00:00','2026-09-07 09:09:13.884 +00:00'),(NULL,'visitor1','1234','2026-09-07 09:09:13.884 +00:00','2026-09-07 09:09:13.884 +00:00');
Executing (default): INSERT INTO `posts` (`id`,`title`,`author`,`content`,`password`,`isSecret`,`views`,`createdAt`,`updatedAt`) VALUES (NULL,'Sequelize 과제 시작합니다','tae-hyun','오늘부터 CVE-2023-25813 분석 시작','qwer1234',0,3,'2026-09-07 09:09:13.887 +00:00','2026-09-07 09:09:13.887 +00:00'),(NULL,'게시판 기능 정리','tae-hyun','로그인/비밀글/삭제까지 board 기능 참고해서 구현 예정','qwer1234',0,5,'2026-09-07 09:09:13.887 +00:00','2026-09-07 09:09:13.887 +00:00'),(NULL,'질문있습니다','visitor1','replacements 옵션 어디서 쓰이나요?','1234',0,1,'2026-09-07 09:09:13.887 +00:00','2026-09-07 09:09:13.887 +00:00'),(NULL,'개인 메모','tae-hyun','이건 비밀번호를 알아야만 보이는 내용입니다','secretpw1',1,0,'2026-09-07 09:09:13.887 +00:00','2026-09-07 09:09:13.887 +00:00');
Executing (default): INSERT INTO `secrets` (`id`,`label`,`value`,`createdAt`,`updatedAt`) VALUES (NULL,'admin_password_hash','9f86d081884c7d659a2feaa0c55ad015a3bf4f1b2b0b822cd15d6c15b0f00a08','2026-09-07 09:09:13.888 +00:00','2026-09-07 09:09:13.888 +00:00');
Executing (default): SELECT `id`, `username`, `password`, `createdAt`, `updatedAt` FROM `users` AS `User` WHERE (username = 'tae-hyun' AND `User`.`password` = 'wrongpw');
Executing (default): SELECT `id`, `username`, `password`, `createdAt`, `updatedAt` FROM `users` AS `User` WHERE (username = 'OR 1=1) -- ' AND `User`.`password` = ''OR 1=1) -- '');
Executing (default): SELECT `id`, `username`, `password`, `createdAt`, `updatedAt` FROM `users` AS `User` WHERE (username = ') UNION SELECT id, label, value, createdAt, updatedAt FROM secrets -- ' AND `User`.`password` = '') UNION SELECT id, label, value, createdAt, updatedAt FROM secrets -- '');
Executing (default): SELECT `id`, `title`, `author`, `content`, `password`, `isSecret`, `views`, `createdAt`, `updatedAt` FROM `posts` AS `Post` WHERE (title = '개인 메모' AND `Post`.`password` = '틀린비번');
Executing (default): SELECT `id`, `title`, `author`, `content`, `password`, `isSecret`, `views`, `createdAt`, `updatedAt` FROM `posts` AS `Post` WHERE (title = 'OR 1=1) -- ' AND `Post`.`password` = ''OR 1=1) -- '');
Executing (default): SELECT count(*) AS `count` FROM `posts` AS `Post`;
Executing (default): SELECT `id`, `title`, `author`, `content`, `password`, `isSecret`, `views`, `createdAt`, `updatedAt` FROM `posts` AS `Post` WHERE (title = '게시판 기능 정리' AND `Post`.`password` = '아무비번');
Executing (default): SELECT count(*) AS `count` FROM `posts` AS `Post`;
Executing (default): SELECT `id`, `title`, `author`, `content`, `password`, `isSecret`, `views`, `createdAt`, `updatedAt` FROM `posts` AS `Post` WHERE (title = 'OR 1=1) -- ' AND `Post`.`password` = ''OR 1=1) -- '');
Executing (default): DELETE FROM `posts` WHERE `id` = 1
Executing (default): DELETE FROM `posts` WHERE `id` = 2
Executing (default): DELETE FROM `posts` WHERE `id` = 3
Executing (default): DELETE FROM `posts` WHERE `id` = 4
Executing (default): SELECT count(*) AS `count` FROM `posts` AS `Post`;
Executing (default): DROP TABLE IF EXISTS `secrets`;
Executing (default): DROP TABLE IF EXISTS `posts`;
Executing (default): DROP TABLE IF EXISTS `users`;
Executing (default): DROP TABLE IF EXISTS `users`;
Executing (default): CREATE TABLE IF NOT EXISTS `users` (`id` INTEGER PRIMARY KEY AUTOINCREMENT, `username` VARCHAR(255), `password` VARCHAR(255), `createdAt` DATETIME NOT NULL, `updatedAt` DATETIME NOT NULL);
Executing (default): PRAGMA INDEX_LIST(`users`)
Executing (default): DROP TABLE IF EXISTS `posts`;
Executing (default): CREATE TABLE IF NOT EXISTS `posts` (`id` INTEGER PRIMARY KEY AUTOINCREMENT, `title` VARCHAR(255), `author` VARCHAR(255) DEFAULT '익명', `content` TEXT, `password` VARCHAR(255), `isSecret` TINYINT(1) DEFAULT 0, `views` INTEGER DEFAULT 0, `createdAt` DATETIME NOT NULL, `updatedAt` DATETIME NOT NULL);
Executing (default): PRAGMA INDEX_LIST(`posts`)
Executing (default): DROP TABLE IF EXISTS `secrets`;
Executing (default): CREATE TABLE IF NOT EXISTS `secrets` (`id` INTEGER PRIMARY KEY AUTOINCREMENT, `label` VARCHAR(255), `value` VARCHAR(255), `createdAt` DATETIME NOT NULL, `updatedAt` DATETIME NOT NULL);
Executing (default): PRAGMA INDEX_LIST(`secrets`)
Executing (default): INSERT INTO `users` (`id`,`username`,`password`,`createdAt`,`updatedAt`) VALUES (NULL,'tae-hyun','mypassword1','2026-09-07 09:24:22.881 +00:00','2026-09-07 09:24:22.881 +00:00'),(NULL,'visitor1','1234','2026-09-07 09:24:22.881 +00:00','2026-09-07 09:24:22.881 +00:00');
Executing (default): INSERT INTO `posts` (`id`,`title`,`author`,`content`,`password`,`isSecret`,`views`,`createdAt`,`updatedAt`) VALUES (NULL,'Sequelize 과제 시작합니다','tae-hyun','오늘부터 CVE-2023-25813 분석 시작','qwer1234',0,3,'2026-09-07 09:24:22.884 +00:00','2026-09-07 09:24:22.884 +00:00'),(NULL,'게시판 기능 정리','tae-hyun','로그인/비밀글/삭제까지 board 기능 참고해서 구현 예정','qwer1234',0,5,'2026-09-07 09:24:22.884 +00:00','2026-09-07 09:24:22.884 +00:00'),(NULL,'질문있습니다','visitor1','replacements 옵션 어디서 쓰이나요?','1234',0,1,'2026-09-07 09:24:22.884 +00:00','2026-09-07 09:24:22.884 +00:00'),(NULL,'개인 메모','tae-hyun','이건 비밀번호를 알아야만 보이는 내용입니다','secretpw1',1,0,'2026-09-07 09:24:22.884 +00:00','2026-09-07 09:24:22.884 +00:00');
Executing (default): INSERT INTO `secrets` (`id`,`label`,`value`,`createdAt`,`updatedAt`) VALUES (NULL,'admin_password_hash','9f86d081884c7d659a2feaa0c55ad015a3bf4f1b2b0b822cd15d6c15b0f00a08','2026-09-07 09:24:22.887 +00:00','2026-09-07 09:24:22.887 +00:00');
Executing (default): SELECT `id`, `username`, `password`, `createdAt`, `updatedAt` FROM `users` AS `User` WHERE (username = 'tae-hyun' AND `User`.`password` = 'wrongpw');
Executing (default): SELECT `id`, `username`, `password`, `createdAt`, `updatedAt` FROM `users` AS `User` WHERE (username = 'OR 1=1) -- ' AND `User`.`password` = ''OR 1=1) -- '');
Executing (default): SELECT `id`, `username`, `password`, `createdAt`, `updatedAt` FROM `users` AS `User` WHERE (username = ') UNION SELECT id, label, value, createdAt, updatedAt FROM secrets -- ' AND `User`.`password` = '') UNION SELECT id, label, value, createdAt, updatedAt FROM secrets -- '');
Executing (default): DROP TABLE IF EXISTS `secrets`;
Executing (default): DROP TABLE IF EXISTS `posts`;
Executing (default): DROP TABLE IF EXISTS `users`;
Executing (default): DROP TABLE IF EXISTS `users`;
Executing (default): CREATE TABLE IF NOT EXISTS `users` (`id` INTEGER PRIMARY KEY AUTOINCREMENT, `username` VARCHAR(255), `password` VARCHAR(255), `createdAt` DATETIME NOT NULL, `updatedAt` DATETIME NOT NULL);
Executing (default): PRAGMA INDEX_LIST(`users`)
Executing (default): DROP TABLE IF EXISTS `posts`;
Executing (default): CREATE TABLE IF NOT EXISTS `posts` (`id` INTEGER PRIMARY KEY AUTOINCREMENT, `title` VARCHAR(255), `author` VARCHAR(255) DEFAULT '익명', `content` TEXT, `password` VARCHAR(255), `isSecret` TINYINT(1) DEFAULT 0, `views` INTEGER DEFAULT 0, `createdAt` DATETIME NOT NULL, `updatedAt` DATETIME NOT NULL);
Executing (default): PRAGMA INDEX_LIST(`posts`)
Executing (default): DROP TABLE IF EXISTS `secrets`;
Executing (default): CREATE TABLE IF NOT EXISTS `secrets` (`id` INTEGER PRIMARY KEY AUTOINCREMENT, `label` VARCHAR(255), `value` VARCHAR(255), `createdAt` DATETIME NOT NULL, `updatedAt` DATETIME NOT NULL);
Executing (default): PRAGMA INDEX_LIST(`secrets`)
Executing (default): INSERT INTO `users` (`id`,`username`,`password`,`createdAt`,`updatedAt`) VALUES (NULL,'tae-hyun','mypassword1','2026-09-07 09:34:54.786 +00:00','2026-09-07 09:34:54.786 +00:00'),(NULL,'visitor1','1234','2026-09-07 09:34:54.786 +00:00','2026-09-07 09:34:54.786 +00:00');
Executing (default): INSERT INTO `posts` (`id`,`title`,`author`,`content`,`password`,`isSecret`,`views`,`createdAt`,`updatedAt`) VALUES (NULL,'Sequelize 과제 시작합니다','tae-hyun','오늘부터 CVE-2023-25813 분석 시작','qwer1234',0,3,'2026-09-07 09:34:54.788 +00:00','2026-09-07 09:34:54.788 +00:00'),(NULL,'게시판 기능 정리','tae-hyun','로그인/비밀글/삭제까지 board 기능 참고해서 구현 예정','qwer1234',0,5,'2026-09-07 09:34:54.788 +00:00','2026-09-07 09:34:54.788 +00:00'),(NULL,'질문있습니다','visitor1','replacements 옵션 어디서 쓰이나요?','1234',0,1,'2026-09-07 09:34:54.788 +00:00','2026-09-07 09:34:54.788 +00:00'),(NULL,'개인 메모','tae-hyun','이건 비밀번호를 알아야만 보이는 내용입니다','secretpw1',1,0,'2026-09-07 09:34:54.788 +00:00','2026-09-07 09:34:54.788 +00:00');
Executing (default): INSERT INTO `secrets` (`id`,`label`,`value`,`createdAt`,`updatedAt`) VALUES (NULL,'admin_password_hash','9f86d081884c7d659a2feaa0c55ad015a3bf4f1b2b0b822cd15d6c15b0f00a08','2026-09-07 09:34:54.789 +00:00','2026-09-07 09:34:54.789 +00:00');
Executing (default): SELECT `id`, `username`, `password`, `createdAt`, `updatedAt` FROM `users` AS `User` WHERE (username = 'tae-hyun' AND `User`.`password` = 'wrongpw');
Executing (default): SELECT `id`, `username`, `password`, `createdAt`, `updatedAt` FROM `users` AS `User` WHERE (username = 'OR 1=1) -- ' AND `User`.`password` = ''OR 1=1) -- '');
Executing (default): SELECT `id`, `username`, `password`, `createdAt`, `updatedAt` FROM `users` AS `User` WHERE (username = ') UNION SELECT id, label, value, createdAt, updatedAt FROM secrets -- ' AND `User`.`password` = '') UNION SELECT id, label, value, createdAt, updatedAt FROM secrets -- '');
Executing (default): SELECT `id`, `title`, `author`, `content`, `password`, `isSecret`, `views`, `createdAt`, `updatedAt` FROM `posts` AS `Post` WHERE (title = '개인 메모' AND `Post`.`password` = '틀린비번');
Executing (default): SELECT `id`, `title`, `author`, `content`, `password`, `isSecret`, `views`, `createdAt`, `updatedAt` FROM `posts` AS `Post` WHERE (title = 'OR 1=1) -- ' AND `Post`.`password` = ''OR 1=1) -- '');
Executing (default): SELECT count(*) AS `count` FROM `posts` AS `Post`;
Executing (default): SELECT `id`, `title`, `author`, `content`, `password`, `isSecret`, `views`, `createdAt`, `updatedAt` FROM `posts` AS `Post` WHERE (title = '게시판 기능 정리' AND `Post`.`password` = '아무비번');
Executing (default): SELECT count(*) AS `count` FROM `posts` AS `Post`;
Executing (default): SELECT `id`, `title`, `author`, `content`, `password`, `isSecret`, `views`, `createdAt`, `updatedAt` FROM `posts` AS `Post` WHERE (title = 'OR 1=1) -- ' AND `Post`.`password` = ''OR 1=1) -- '');
Executing (default): DELETE FROM `posts` WHERE `id` = 1
Executing (default): DELETE FROM `posts` WHERE `id` = 2
Executing (default): DELETE FROM `posts` WHERE `id` = 3
Executing (default): DELETE FROM `posts` WHERE `id` = 4
Executing (default): SELECT count(*) AS `count` FROM `posts` AS `Post`;
Executing (default): DROP TABLE IF EXISTS `secrets`;
Executing (default): DROP TABLE IF EXISTS `posts`;
Executing (default): DROP TABLE IF EXISTS `users`;
Executing (default): DROP TABLE IF EXISTS `users`;
Executing (default): CREATE TABLE IF NOT EXISTS `users` (`id` INTEGER PRIMARY KEY AUTOINCREMENT, `username` VARCHAR(255), `password` VARCHAR(255), `createdAt` DATETIME NOT NULL, `updatedAt` DATETIME NOT NULL);
Executing (default): PRAGMA INDEX_LIST(`users`)
Executing (default): DROP TABLE IF EXISTS `posts`;
Executing (default): CREATE TABLE IF NOT EXISTS `posts` (`id` INTEGER PRIMARY KEY AUTOINCREMENT, `title` VARCHAR(255), `author` VARCHAR(255) DEFAULT '익명', `content` TEXT, `password` VARCHAR(255), `isSecret` TINYINT(1) DEFAULT 0, `views` INTEGER DEFAULT 0, `createdAt` DATETIME NOT NULL, `updatedAt` DATETIME NOT NULL);
Executing (default): PRAGMA INDEX_LIST(`posts`)
Executing (default): DROP TABLE IF EXISTS `secrets`;
Executing (default): CREATE TABLE IF NOT EXISTS `secrets` (`id` INTEGER PRIMARY KEY AUTOINCREMENT, `label` VARCHAR(255), `value` VARCHAR(255), `createdAt` DATETIME NOT NULL, `updatedAt` DATETIME NOT NULL);
Executing (default): PRAGMA INDEX_LIST(`secrets`)
Executing (default): INSERT INTO `users` (`id`,`username`,`password`,`createdAt`,`updatedAt`) VALUES (NULL,'tae-hyun','mypassword1','2026-09-07 21:57:02.526 +00:00','2026-09-07 21:57:02.526 +00:00'),(NULL,'visitor1','1234','2026-09-07 21:57:02.526 +00:00','2026-09-07 21:57:02.526 +00:00');
Executing (default): INSERT INTO `posts` (`id`,`title`,`author`,`content`,`password`,`isSecret`,`views`,`createdAt`,`updatedAt`) VALUES (NULL,'Sequelize 과제 시작합니다','tae-hyun','오늘부터 CVE-2023-25813 분석 시작','qwer1234',0,3,'2026-09-07 21:57:02.529 +00:00','2026-09-07 21:57:02.529 +00:00'),(NULL,'게시판 기능 정리','tae-hyun','로그인/비밀글/삭제까지 board 기능 참고해서 구현 예정','qwer1234',0,5,'2026-09-07 21:57:02.529 +00:00','2026-09-07 21:57:02.529 +00:00'),(NULL,'질문있습니다','visitor1','replacements 옵션 어디서 쓰이나요?','1234',0,1,'2026-09-07 21:57:02.529 +00:00','2026-09-07 21:57:02.529 +00:00'),(NULL,'개인 메모','tae-hyun','이건 비밀번호를 알아야만 보이는 내용입니다','secretpw1',1,0,'2026-09-07 21:57:02.529 +00:00','2026-09-07 21:57:02.529 +00:00');
Executing (default): INSERT INTO `secrets` (`id`,`label`,`value`,`createdAt`,`updatedAt`) VALUES (NULL,'admin_password_hash','9f86d081884c7d659a2feaa0c55ad015a3bf4f1b2b0b822cd15d6c15b0f00a08','2026-09-07 21:57:02.530 +00:00','2026-09-07 21:57:02.530 +00:00');
Executing (default): SELECT `id`, `username`, `password`, `createdAt`, `updatedAt` FROM `users` AS `User` WHERE (username = 'tae-hyun' AND `User`.`password` = 'wrongpw');
Executing (default): SELECT `id`, `username`, `password`, `createdAt`, `updatedAt` FROM `users` AS `User` WHERE (username = 'OR 1=1) -- ' AND `User`.`password` = ''OR 1=1) -- '');
Executing (default): SELECT `id`, `username`, `password`, `createdAt`, `updatedAt` FROM `users` AS `User` WHERE (username = ') UNION SELECT id, label, value, createdAt, updatedAt FROM secrets -- ' AND `User`.`password` = '') UNION SELECT id, label, value, createdAt, updatedAt FROM secrets -- '');
Executing (default): SELECT `id`, `username`, `password`, `createdAt`, `updatedAt` FROM `users` AS `User` WHERE (username = 'tae-hyun' AND `User`.`password` = 'wrongpw');
Executing (default): SELECT `id`, `username`, `password`, `createdAt`, `updatedAt` FROM `users` AS `User` WHERE (username = 'OR 1=1) -- ' AND `User`.`password` = ''OR 1=1) -- '');
Executing (default): SELECT `id`, `username`, `password`, `createdAt`, `updatedAt` FROM `users` AS `User` WHERE (username = ') UNION SELECT id, label, value, createdAt, updatedAt FROM secrets -- ' AND `User`.`password` = '') UNION SELECT id, label, value, createdAt, updatedAt FROM secrets -- '');
Executing (default): SELECT `id`, `title`, `author`, `content`, `password`, `isSecret`, `views`, `createdAt`, `updatedAt` FROM `posts` AS `Post` WHERE (title = '개인 메모' AND `Post`.`password` = '틀린비번');
Executing (default): SELECT `id`, `title`, `author`, `content`, `password`, `isSecret`, `views`, `createdAt`, `updatedAt` FROM `posts` AS `Post` WHERE (title = 'OR 1=1) -- ' AND `Post`.`password` = ''OR 1=1) -- '');
Executing (default): SELECT count(*) AS `count` FROM `posts` AS `Post`;
Executing (default): SELECT `id`, `title`, `author`, `content`, `password`, `isSecret`, `views`, `createdAt`, `updatedAt` FROM `posts` AS `Post` WHERE (title = '게시판 기능 정리' AND `Post`.`password` = '아무비번');
Executing (default): SELECT count(*) AS `count` FROM `posts` AS `Post`;
Executing (default): SELECT `id`, `title`, `author`, `content`, `password`, `isSecret`, `views`, `createdAt`, `updatedAt` FROM `posts` AS `Post` WHERE (title = 'OR 1=1) -- ' AND `Post`.`password` = ''OR 1=1) -- '');
Executing (default): DELETE FROM `posts` WHERE `id` = 1
Executing (default): DELETE FROM `posts` WHERE `id` = 2
Executing (default): DELETE FROM `posts` WHERE `id` = 3
Executing (default): DELETE FROM `posts` WHERE `id` = 4
Executing (default): SELECT count(*) AS `count` FROM `posts` AS `Post`;
Executing (default): DROP TABLE IF EXISTS `secrets`;
Executing (default): DROP TABLE IF EXISTS `posts`;
Executing (default): DROP TABLE IF EXISTS `users`;
Executing (default): DROP TABLE IF EXISTS `users`;
Executing (default): CREATE TABLE IF NOT EXISTS `users` (`id` INTEGER PRIMARY KEY AUTOINCREMENT, `username` VARCHAR(255), `password` VARCHAR(255), `createdAt` DATETIME NOT NULL, `updatedAt` DATETIME NOT NULL);
Executing (default): PRAGMA INDEX_LIST(`users`)
Executing (default): DROP TABLE IF EXISTS `posts`;
Executing (default): CREATE TABLE IF NOT EXISTS `posts` (`id` INTEGER PRIMARY KEY AUTOINCREMENT, `title` VARCHAR(255), `author` VARCHAR(255) DEFAULT '익명', `content` TEXT, `password` VARCHAR(255), `isSecret` TINYINT(1) DEFAULT 0, `views` INTEGER DEFAULT 0, `createdAt` DATETIME NOT NULL, `updatedAt` DATETIME NOT NULL);
Executing (default): PRAGMA INDEX_LIST(`posts`)
Executing (default): DROP TABLE IF EXISTS `secrets`;
Executing (default): CREATE TABLE IF NOT EXISTS `secrets` (`id` INTEGER PRIMARY KEY AUTOINCREMENT, `label` VARCHAR(255), `value` VARCHAR(255), `createdAt` DATETIME NOT NULL, `updatedAt` DATETIME NOT NULL);
Executing (default): PRAGMA INDEX_LIST(`secrets`)
Executing (default): INSERT INTO `users` (`id`,`username`,`password`,`createdAt`,`updatedAt`) VALUES (NULL,'tae-hyun','mypassword1','2026-09-12 10:00:44.820 +00:00','2026-09-12 10:00:44.820 +00:00'),(NULL,'visitor1','1234','2026-09-12 10:00:44.820 +00:00','2026-09-12 10:00:44.820 +00:00');
Executing (default): INSERT INTO `posts` (`id`,`title`,`author`,`content`,`password`,`isSecret`,`views`,`createdAt`,`updatedAt`) VALUES (NULL,'Sequelize 과제 시작합니다','tae-hyun','오늘부터 CVE-2023-25813 분석 시작','qwer1234',0,3,'2026-09-12 10:00:44.823 +00:00','2026-09-12 10:00:44.823 +00:00'),(NULL,'게시판 기능 정리','tae-hyun','로그인/비밀글/삭제까지 board 기능 참고해서 구현 예정','qwer1234',0,5,'2026-09-12 10:00:44.823 +00:00','2026-09-12 10:00:44.823 +00:00'),(NULL,'질문있습니다','visitor1','replacements 옵션 어디서 쓰이나요?','1234',0,1,'2026-09-12 10:00:44.823 +00:00','2026-09-12 10:00:44.823 +00:00'),(NULL,'개인 메모','tae-hyun','이건 비밀번호를 알아야만 보이는 내용입니다','secretpw1',1,0,'2026-09-12 10:00:44.823 +00:00','2026-09-12 10:00:44.823 +00:00');
Executing (default): INSERT INTO `secrets` (`id`,`label`,`value`,`createdAt`,`updatedAt`) VALUES (NULL,'admin_password_hash','9f86d081884c7d659a2feaa0c55ad015a3bf4f1b2b0b822cd15d6c15b0f00a08','2026-09-12 10:00:44.824 +00:00','2026-09-12 10:00:44.824 +00:00');
